../Core/Src/main.c:83:5:main	8	static
../Core/Src/main.c:147:6:SystemClock_Config	88	static
../Core/Src/main.c:194:13:MX_ADC1_Init	56	static
../Core/Src/main.c:262:13:MX_LPUART1_UART_Init	8	static
../Core/Src/main.c:309:13:MX_TIM1_Init	120	static
../Core/Src/main.c:393:13:MX_DMA_Init	16	static
../Core/Src/main.c:418:13:MX_GPIO_Init	48	static
../Core/Src/main.c:455:6:UARTDMAConfig	8	static
../Core/Src/main.c:459:6:HAL_UART_RxCpltCallback	16	static
../Core/Src/main.c:470:6:HAL_GPIO_EXTI_Callback	16	static
../Core/Src/main.c:485:6:Error_Handler	4	static,ignoring_inline_asm
