../Core/Src/main.c:87:5:main	8	static
../Core/Src/main.c:148:6:SystemClock_Config	88	static
../Core/Src/main.c:195:13:MX_ADC1_Init	56	static
../Core/Src/main.c:263:13:MX_LPUART1_UART_Init	8	static
../Core/Src/main.c:310:13:MX_USART1_UART_Init	8	static
../Core/Src/main.c:358:13:MX_TIM1_Init	120	static
../Core/Src/main.c:442:13:MX_DMA_Init	16	static
../Core/Src/main.c:467:13:MX_GPIO_Init	48	static
../Core/Src/main.c:504:6:UARTDMAConfig	8	static
../Core/Src/main.c:508:6:HAL_UART_RxCpltCallback	16	static
../Core/Src/main.c:519:6:send_adc_to_matlab	16	static
../Core/Src/main.c:533:6:Error_Handler	4	static,ignoring_inline_asm
